[www.agoda.com/vi-vn/packagesf263.html]
[www.agoda.com/vi-vn/index.html]
[www.agoda.com/vi-vn/flightsf263.html]
[www.agoda.com/vi-vn/indexf263.html]
[www.agoda.com/vi-vn/dealsf263.html]
[www.agoda.com/vi-vn/apartments/indexf263.html]
[backblue.gif]
[fade.gif]
[index.html]
[cdn6.agoda.net/js/assets/browser-bundle/home-48d728f9d101.css]
[tags.tiqcdn.com/utag/agoda/main2018/prod/utag.js]
[cdn6.agoda.net/images/MVC/default/logo-agoda-mobile.png]
[cdn6.agoda.net/js/assets/browser-bundle/505-3e1a512e47ba.js]
[cdn6.agoda.net/js/assets/browser-bundle/4271-985df7018469.js]
[cdn6.agoda.net/js/assets/browser-bundle/2992-666b0a441935.js]
[cdn6.agoda.net/js/assets/browser-bundle/3760-5bd5917c6b92.js]
[www.agoda.com/vi-vn/index.html]
[www.agoda.com/vi-vn/packagesf263.html]
[www.agoda.com/vi-vn/indexf263.html]
[www.agoda.com/vi-vn/flightsf263.html]
[cdn6.agoda.net/js/assets/browser-bundle/home-e69294713e6e.js]
[cdn6.agoda.net/cdn-marketing_cronos/js/assets/cronos/deals-12b729d010a2.css]
[www.agoda.com/vi-vn/dealsf263.html]
[cdn6.agoda.net/cdn-geo-web/js/assets/LEGACY-BROWSERS-NOWL/accommodation-344bb0b33b19.css]
[cdn6.agoda.net/cdn-marketing_cronos/js/assets/cronos/deals-69bf65fe9c9c.js]
[www.agoda.com/vi-vn/apartments/indexf263.html]
[cdn6.agoda.net/js/assets/browser-bundle/8b0cdd28f179cb838b19.gif]
[cdn6.agoda.net/js/assets/browser-bundle/home-48d728f9d101.css]
[cdn1.agoda.net/images/mvc/tablet/tablet-sprite-icons-v2.png]
[cdn6.agoda.net/images/CW-271/default/qrcode-wechat-v1.png]
[cdn0.agoda.net/images/mvc/default/spinner_mono_small.gif]
[cdn6.agoda.net/cdn-marketing_cronos/js/assets/cronos/deals-12b729d010a2.css]
[cdn6.agoda.net/images/mvc/default/bg-sprite-icons_v44.png]
[cdn6.agoda.net/cdn-geo-web/js/assets/LEGACY-BROWSERS-NOWL/32456eddadaccommodation-344bb0b33b19.js]
[www.agoda.com/vi-vn/pagenotfound.html]
[cdn6.agoda.net/cdn-marketing_cronos/js/assets/cronos/deals-69bf65fe9c9c.js]
[cdn6.agoda.net/images/mvc/flags/bg-sprite-flags.png]
[cdn6.agoda.net/images/desktop/sprite_second_v31.png]
[img.agoda.net/images/ABTest/ABTest2317/icon-occ-search.png]
[cdn0.agoda.net/images/mvc/default/bg-sprite-icons_v7.png]
[cdn1.agoda.net/images/default/icon_alarm_clock.1f.delayed]
[cdn1.agoda.net/images/default/icon_couple.png]
[cdn1.agoda.net/images/ar-ae/sprite-img.gif]
[cdn1.agoda.net/images/id-id/sprite-img.gif]
[cdn1.agoda.net/images/ms-my/sprite-img.gif]
[cdn1.agoda.net/images/bg-bg/sprite-img.24.delayed]
[cdn1.agoda.net/images/ca-es/sprite-img.25.delayed]
[cdn1.agoda.net/images/hr-hr/sprite-img.gif]
[cdn1.agoda.net/images/cs-cz/sprite-img.gif]
[cdn1.agoda.net/images/da-dk/sprite-img.gif]
[cdn1.agoda.net/images/nl-nl/sprite-img.gif]
[cdn1.agoda.net/images/et-ee/sprite-img.gif]
[cdn1.agoda.net/images/fi-fi/sprite-img.gif]
[cdn1.agoda.net/images/fr-fr/sprite-img.gif]
[cdn1.agoda.net/images/de-de/sprite-img.gif]
[cdn1.agoda.net/images/el-gr/sprite-img.gif]
[cdn1.agoda.net/images/he-il/sprite-img.gif]
[cdn1.agoda.net/images/hi-in/sprite-img.gif]
[cdn1.agoda.net/images/hu-hu/sprite-img.gif]
[cdn1.agoda.net/images/it-it/sprite-img.gif]
[cdn1.agoda.net/images/ja-jp/sprite-img.gif]
[cdn1.agoda.net/images/ko-kr/sprite-img.gif]
[cdn1.agoda.net/images/lv-lv/sprite-img.gif]
[cdn1.agoda.net/images/lt-lt/sprite-img.gif]
[cdn1.agoda.net/images/nb-no/sprite-img.gif]
[cdn1.agoda.net/images/pl-pl/sprite-img.gif]
[cdn1.agoda.net/images/ru-ru/sprite-img.gif]
[cdn1.agoda.net/images/zh-cn/sprite-img.gif]
[cdn1.agoda.net/images/zh-tw/sprite-img.gif]
[cdn1.agoda.net/images/sl-si/sprite-img.gif]
[cdn1.agoda.net/images/es-es/sprite-img.gif]
[cdn1.agoda.net/images/sv-se/sprite-img.gif]
[cdn1.agoda.net/images/th-th/sprite-img.gif]
[cdn1.agoda.net/images/tr-tr/sprite-img.gif]
[cdn1.agoda.net/images/uk-ua/sprite-img.gif]
[cdn1.agoda.net/images/vi-vn/sprite-img.gif]
[cdn6.agoda.net/images/mvc/insider-deal-banner/bg-insiderdeal-banner.png]
[cdn6.agoda.net/images/mvc/insider-deal-banner/logo-insiderdeal-banner.png]
[cdn6.agoda.net/images/mvc/default/bg-sprite-icons_v43.png]
[cdn1.agoda.net/images/desktop/spinner-blue.gif]
[cdn1.agoda.net/images/desktop/preload.gif]
[www.agoda.com/vi-vn/api/cronos/index.html]
[cdn6.agoda.net/images/mvc/default/bg-sprite-icons_v30.png]
[cdn1.agoda.net/images/desktop/error_pic.png]
[cdn3.agoda.net/images/desktop/arrow-down.png]
[cdn1.agoda.net/images/default/icon-plus-date.png]
[cdn1.agoda.net/images/desktop/preloader.gif]
[cdn1.agoda.net/images/desktop/icon-clock-tips.png]
[cdn1.agoda.net/images/desktop/icon-bnpl-grid.png]
[cdn1.agoda.net/images/desktop/sprite_main_v27.gif]
[cdn1.agoda.net/images/default/bg-sprite-icons.png]
[cdn1.agoda.net/images/mvc/default/bg-sprite-icons_v16.png]
[cdn1.agoda.net/images/desktop/preloader_v2.gif]
[cdn1.agoda.net/images/desktop/preloader_v2_dark.gif]
[cdn1.agoda.net/images/desktop/loading_gif_src.gif]
[cdn1.agoda.net/images/desktop/sprite_cc_icon_v3.png]
[cdn3.agoda.net/images/desktop/double-arrow.png]
[cdn6.agoda.net/images/desktop/spinner-blue.gif]
[cdn6.agoda.net/images/mvc/default/spinner-blue.gif]
[cdn6.agoda.net/images/CW-1685/default/BVersionFooter.png]
[cdn6.agoda.net/images/CW-1685/default/BVersionHeader.png]
[cdn6.agoda.net/images/default/poweredbygoogle.png]
[cdn6.agoda.net/cdn-geo-web/js/assets/LEGACY-BROWSERS-NOWL/accommodation-344bb0b33b19.css]
[www.agoda.com/vi-vn/apartments/api/cronos/index.html]
[cdn6.agoda.net/cdn-geo-web/js/assets/LEGACY-BROWSERS-NOWL/32456eddadaccommodation-344bb0b33b19.js]
[www.agoda.com/vi-vn/$&/index.html]
[www.agoda.com/vi-vn/pagenotfound.html]
[www.agoda.com/vi-vn/;/indexefc6.html]
[www.agoda.com/vi-vn/x-file_/index.html]
[www.agoda.com/vi-vn/edge/index.html]
[www.agoda.com/vi-vn/iemobile/index.html]
[www.agoda.com/vi-vn/firefox/index.html]
[www.agoda.com/vi-vn/opera/index.html]
[www.agoda.com/vi-vn/opr/index.html]
[www.agoda.com/vi-vn/chrome/index.html]
[www.agoda.com/vi-vn/safari/index.html]
[www.agoda.com/vi-vn/trident/index.html]
[www.agoda.com/vi-vn/Version/index.html]
[www.agoda.com/vi-vn/api/cronos/index.html]
[cdn1.agoda.net/images/desktop/error_pic.html]
[www.agoda.com/vi-vn/apartments/api/cronos/index.html]
[www.agoda.com/vi-vn/apartments/$&/index.html]
[www.agoda.com/vi-vn/apartments/;/indexefc6.html]
[www.agoda.com/vi-vn/apartments/x-file_/index.html]
